Microchip MPLAB XC8 Compiler V3.00

Linker command line:

-W-3 \
  --edf=C:\Program Files\Microchip\xc8\v3.00\pic\dat\20241204225717_en.msgs \
  -cn -h+dist/default/production\Washing_Machine.X.production.sym \
  --cmf=dist/default/production\Washing_Machine.X.production.cmf -z \
  -Q16F877A -oC:\Users\OMASSO~1\AppData\Local\Temp\xcAss84.\driver_tmp_3.o \
  --defsym=__MPLAB_BUILD=1 --fixupoverflow=error \
  -Mdist/default/production/Washing_Machine.X.production.map \
  --md=C:\Users\OMASSO~1\AppData\Local\Temp\xcAss84.\driver_tmp_0.dat -E1 \
  -ver=XC8 Compiler -ACODE=00h-07FFhx4 -ASTRCODE=00h-01FFFh \
  -ASTRING=00h-0FFhx32 -ACONST=00h-0FFhx32 -AENTRY=00h-0FFhx32 \
  -ACOMMON=070h-07Fh -ABANK0=020h-06Fh -ABANK1=0A0h-0EFh \
  -ABANK2=0110h-016Fh -ABANK3=0190h-01EFh \
  -ARAM=020h-06Fh,0A0h-0EFh,0110h-016Fh,0190h-01EFh \
  -AABS1=020h-07Fh,0A0h-0EFh,0110h-016Fh,0190h-01EFh -ASFR0=00h-01Fh \
  -ASFR1=080h-09Fh -ASFR2=0100h-010Fh -ASFR3=0180h-018Fh \
  -ACONFIG=02007h-02007h -DCONFIG=2 -AIDLOC=02000h-02003h -DIDLOC=2 \
  -AEEDATA=00h-0FFh/02100h -peeprom_data=EEDATA -DEEDATA=2 -DCODE=2 \
  -DSTRCODE=2 -DSTRING=2 -DCONST=2 -DENTRY=2 \
  -preset_vec=00h,intentry=04h,sivt,init,end_init -ppowerup=CODE \
  -pcinit=CODE -pfunctab=ENTRY -k \
  C:\Users\OMASSO~1\AppData\Local\Temp\xcAss84.\driver_tmp_12.o \
  dist/default/production\Washing_Machine.X.production.o 

Object code version is 3.11

Machine type is 16F877A



                Name                               Link     Load   Length Selector   Space Scale
C:\Users\OMASSO~1\AppData\Local\Temp\xcAss84.\driver_tmp_12.o
                end_init                              C        C        3        8       0
                reset_vec                             0        0        3        0       0
                config                             2007     2007        1        0       4
dist/default/production\Washing_Machine.X.production.o
                cinit                                 F        F       36        8       0
                intentry                              4        4        8        8       0
                config                             2007     2007        1        0       4
                text27                             1516     1516       57     2A2C       0
                text26                             149F     149F       20     293E       0
                text25                             156D     156D       57     2ADA       0
                text24                             1423     1423        B     2846       0
                text23                             141D     141D        6     283A       0
                text22                             142E     142E        B     285C       0
                text21                             1485     1485       1A     290A       0
                text20                             14E3     14E3       33     29C6       0
                text19                             1470     1470       15     28E0       0
                text18                             16EB     16EB       71     2DD6       0
                text17                              82B      82B       74     1056       0
                text16                              C61      C61      147     18C2       0
                text15                             161B     161B       65     2C36       0
                text14                             15C4     15C4       57     2B88       0
                text13                             144A     144A       13     2894       0
                text12                             175C     175C       A4     2EB8       0
                text11                              802      802       29     1004       0
                text10                              422      422      342        8       0
                text9                               DA8      DA8      258     1B50       0
                text8                              14BF     14BF       24     297E       0
                text7                               764      764       76        8       0
                text6                               950      950       B6     12A0       0
                text5                              1439     1439       11     2872       0
                text4                              1680     1680       6B     2D00       0
                text3                                45       45      3DD        8       0
                text2                               A06      A06      115     140C       0
                text1                               89F      89F       B1     113E       0
                maintext                            B1B      B1B      146     1636       0
                cstackBANK0                          20       20       48       20       1
                cstackCOMMON                         70       70        9       70       1
                cstackBANK1                          CD       CD        5       A0       1
                inittext                           145D     145D       13     28BA       0
                dataBANK1                            A0       A0       26       A0       1
                bssBANK1                             C6       C6        7       A0       1
                bssBANK0                             68       68        7       20       1
                dataCOMMON                           79       79        3       70       1
                stringtext                         1000     1000      16B       20       0
                strings                            116B     116B       12     22D6       0
                idataBANK1                          7DA      7DA       26        8       0
                idataCOMMON                        141A     141A        3     2834       0

TOTAL           Name                               Link     Load   Length     Space
        CLASS   CODE           
                end_init                              C        C        3         0
                cinit                                 F        F       36         0
                intentry                              4        4        8         0
                reset_vec                             0        0        3         0
                text27                             1516     1516       57         0
                text26                             149F     149F       20         0
                text25                             156D     156D       57         0
                text24                             1423     1423        B         0
                text23                             141D     141D        6         0
                text22                             142E     142E        B         0
                text21                             1485     1485       1A         0
                text20                             14E3     14E3       33         0
                text19                             1470     1470       15         0
                text18                             16EB     16EB       71         0
                text17                              82B      82B       74         0
                text16                              C61      C61      147         0
                text15                             161B     161B       65         0
                text14                             15C4     15C4       57         0
                text13                             144A     144A       13         0
                text12                             175C     175C       A4         0
                text11                              802      802       29         0
                text10                              422      422      342         0
                text9                               DA8      DA8      258         0
                text8                              14BF     14BF       24         0
                text7                               764      764       76         0
                text6                               950      950       B6         0
                text5                              1439     1439       11         0
                text4                              1680     1680       6B         0
                text3                                45       45      3DD         0
                text2                               A06      A06      115         0
                text1                               89F      89F       B1         0
                maintext                            B1B      B1B      146         0
                inittext                           145D     145D       13         0
                idataBANK1                          7DA      7DA       26         0
                idataCOMMON                        141A     141A        3         0

        CLASS   STRCODE        
                stringtext                         1000     1000      16B         0

        CLASS   STRING         
                strings                            116B     116B       12         0

        CLASS   CONST          

        CLASS   ENTRY          

        CLASS   COMMON         
                cstackCOMMON                         70       70        9         1
                dataCOMMON                           79       79        3         1

        CLASS   BANK0          
                cstackBANK0                          20       20       48         1
                bssBANK0                             68       68        7         1

        CLASS   BANK1          
                cstackBANK1                          CD       CD        5         1
                dataBANK1                            A0       A0       26         1
                bssBANK1                             C6       C6        7         1

        CLASS   BANK2          

        CLASS   BANK3          

        CLASS   RAM            

        CLASS   ABS1           
                abs_s1                               7E       7E        2         1

        CLASS   SFR0           

        CLASS   SFR1           

        CLASS   SFR2           

        CLASS   SFR3           

        CLASS   CONFIG         
                config                             2007     2007        1         4

        CLASS   IDLOC          

        CLASS   EEDATA         

        CLASS   HEAP           

        CLASS   STACK          



SEGMENTS        Name                           Load    Length   Top    Selector   Space  Class     Delta

                reset_vec                      000000  000003  000003         0       0  CODE        2
                intentry                       000004  0007FC  000800         8       0  CODE        2
                cstackBANK0                    000020  00004F  00006F        20       1  BANK0       1
                cstackCOMMON                   000070  00000C  00007C        70       1  COMMON      1
                dataBANK1                      0000A0  000032  0000D2        A0       1  BANK1       1
                text11                         000802  000029  00082B      1004       0  CODE        2
                text17                         00082B  000074  00089F      1056       0  CODE        2
                text1                          00089F  0000B1  000950      113E       0  CODE        2
                text6                          000950  0000B6  000A06      12A0       0  CODE        2
                text2                          000A06  000115  000B1B      140C       0  CODE        2
                maintext                       000B1B  000146  000C61      1636       0  CODE        2
                text16                         000C61  000147  000DA8      18C2       0  CODE        2
                text9                          000DA8  000258  001000      1B50       0  CODE        2
                stringtext                     001000  00016B  00116B        20       0  STRCODE     2
                strings                        00116B  000012  00117D      22D6       0  STRING      2
                idataCOMMON                    00141A  000003  00141D      2834       0  CODE        2
                text23                         00141D  000006  001423      283A       0  CODE        2
                text24                         001423  00000B  00142E      2846       0  CODE        2
                text22                         00142E  00000B  001439      285C       0  CODE        2
                text5                          001439  000011  00144A      2872       0  CODE        2
                text13                         00144A  000013  00145D      2894       0  CODE        2
                inittext                       00145D  000013  001470      28BA       0  CODE        2
                text19                         001470  000015  001485      28E0       0  CODE        2
                text21                         001485  00001A  00149F      290A       0  CODE        2
                text26                         00149F  000020  0014BF      293E       0  CODE        2
                text8                          0014BF  000024  0014E3      297E       0  CODE        2
                text20                         0014E3  000033  001516      29C6       0  CODE        2
                text27                         001516  000057  00156D      2A2C       0  CODE        2
                text25                         00156D  000057  0015C4      2ADA       0  CODE        2
                text14                         0015C4  000057  00161B      2B88       0  CODE        2
                text15                         00161B  000065  001680      2C36       0  CODE        2
                text4                          001680  00006B  0016EB      2D00       0  CODE        2
                text18                         0016EB  000071  00175C      2DD6       0  CODE        2
                text12                         00175C  0000A4  001800      2EB8       0  CODE        2


UNUSED ADDRESS RANGES

        Name                Unused          Largest block    Delta
        BANK0            006F-006F              1           1
        BANK1            00D2-00EF             1E           1
        BANK2            0110-016F             60           1
        BANK3            0190-01EF             60           1
        CODE             0003-0003              1           2
                         0800-0801              2
                         117D-1419            29D
                         1800-1FFF            800
        COMMON           007C-007D              2           1
        CONST            0003-0003              1           2
                         0800-0801              2
                         117D-1419            100
                         1800-1FFF            100
        EEDATA           2100-21FF            100           2
        ENTRY            0003-0003              1           2
                         0800-0801              2
                         117D-1419            100
                         1800-1FFF            100
        IDLOC            2000-2003              4           2
        RAM              006F-006F              1           1
                         00D2-00EF             1E
                         0110-016F             60
                         0190-01EF             60
        SFR0             0000-001F             20           1
        SFR1             0080-009F             20           1
        SFR2             0100-010F             10           1
        SFR3             0180-018F             10           1
        STRCODE          0003-0003              1           2
                         0800-0801              2
                         117D-1419            29D
                         1800-1FFF            800
        STRING           0003-0003              1           2
                         0800-0801              2
                         117D-1419            100
                         1800-1FFF            100

                                  Symbol Table

?__Umul8_16                      cstackCOMMON 0072
?___awdiv                        cstackCOMMON 0072
?___awmod                        cstackCOMMON 0072
?___fladd                        cstackBANK0  0020
?___flmul                        cstackBANK0  002A
?___flsub                        cstackBANK0  0044
?___fltol                        cstackBANK0  0044
?___xxtofl                       cstackCOMMON 0072
_GIE                             (abs)        005F
_PEIE                            (abs)        005E
_PORTB                           (abs)        0006
_PORTD                           (abs)        0008
_PR2                             (abs)        0092
_RB0                             (abs)        0030
_RC1                             (abs)        0039
_RC2                             (abs)        003A
_RE1                             (abs)        0049
_RE2                             (abs)        004A
_TMR2IE                          (abs)        0461
_TMR2IF                          (abs)        0061
_TMR2ON                          (abs)        0092
_TRISB                           (abs)        0086
_TRISC1                          (abs)        0439
_TRISC2                          (abs)        043A
_TRISD                           (abs)        0088
_TRISE1                          (abs)        0449
_TRISE2                          (abs)        044A
__H__absolute__                  __absolute__ 0000
__Habs1                          abs1         0000
__Hbank0                         bank0        0000
__Hbank1                         bank1        0000
__Hbank2                         bank2        0000
__Hbank3                         bank3        0000
__HbssBANK0                      bssBANK0     0000
__HbssBANK1                      bssBANK1     0000
__Hcinit                         cinit        0045
__Hclrtext                       clrtext      0000
__Hcode                          code         0000
__Hcommon                        common       0000
__Hconfig                        config       2008
__HcstackBANK0                   cstackBANK0  0000
__HcstackBANK1                   cstackBANK1  0000
__HcstackCOMMON                  cstackCOMMON 0000
__HdataBANK1                     dataBANK1    0000
__HdataCOMMON                    dataCOMMON   0000
__Heeprom_data                   eeprom_data  0000
__Hend_init                      end_init     000F
__Hfunctab                       functab      0000
__Hheap                          heap         0000
__HidataBANK1                    idataBANK1   0000
__HidataCOMMON                   idataCOMMON  0000
__Hinit                          init         000C
__Hinittext                      inittext     0000
__Hintentry                      intentry     000C
__Hmaintext                      maintext     0000
__Hpowerup                       powerup      0000
__Hram                           ram          0000
__Hreset_vec                     reset_vec    0003
__Hsfr0                          sfr0         0000
__Hsfr1                          sfr1         0000
__Hsfr2                          sfr2         0000
__Hsfr3                          sfr3         0000
__Hsivt                          sivt         000C
__Hspace_0                       (abs)        1800
__Hspace_1                       (abs)        00D2
__Hspace_2                       (abs)        0000
__Hspace_3                       (abs)        0000
__Hspace_4                       (abs)        400F
__Hstack                         stack        0000
__Hstrings                       strings      0000
__Hstringtext                    stringtext   0000
__Htext                          text         0000
__L__absolute__                  __absolute__ 0000
__Labs1                          abs1         0000
__Lbank0                         bank0        0000
__Lbank1                         bank1        0000
__Lbank2                         bank2        0000
__Lbank3                         bank3        0000
__LbssBANK0                      bssBANK0     0000
__LbssBANK1                      bssBANK1     0000
__Lcinit                         cinit        000F
__Lclrtext                       clrtext      0000
__Lcode                          code         0000
__Lcommon                        common       0000
__Lconfig                        config       0000
__LcstackBANK0                   cstackBANK0  0000
__LcstackBANK1                   cstackBANK1  0000
__LcstackCOMMON                  cstackCOMMON 0000
__LdataBANK1                     dataBANK1    0000
__LdataCOMMON                    dataCOMMON   0000
__Leeprom_data                   eeprom_data  0000
__Lend_init                      end_init     000C
__Lfunctab                       functab      0000
__Lheap                          heap         0000
__LidataBANK1                    idataBANK1   0000
__LidataCOMMON                   idataCOMMON  0000
__Linit                          init         000C
__Linittext                      inittext     0000
__Lintentry                      intentry     0004
__Lmaintext                      maintext     0000
__Lpowerup                       powerup      0000
__Lram                           ram          0000
__Lreset_vec                     reset_vec    0000
__Lsfr0                          sfr0         0000
__Lsfr1                          sfr1         0000
__Lsfr2                          sfr2         0000
__Lsfr3                          sfr3         0000
__Lsivt                          sivt         000C
__Lspace_0                       (abs)        0000
__Lspace_1                       (abs)        0000
__Lspace_2                       (abs)        0000
__Lspace_3                       (abs)        0000
__Lspace_4                       (abs)        0000
__Lstack                         stack        0000
__Lstrings                       strings      0000
__Lstringtext                    stringtext   0000
__Ltext                          text         0000
__S0                             (abs)        1800
__S1                             (abs)        00D2
__S3                             (abs)        0000
__Umul8_16                       text11       0802
__Umul8_16@multiplicand          cstackCOMMON 0072
__Umul8_16@multiplier            cstackBANK0  0024
__Umul8_16@product               cstackBANK0  0020
__Umul8_16@word_mpld             cstackBANK0  0022
___awdiv                         text15       161B
___awdiv@counter                 cstackBANK0  0020
___awdiv@dividend                cstackCOMMON 0074
___awdiv@divisor                 cstackCOMMON 0072
___awdiv@quotient                cstackBANK0  0022
___awdiv@sign                    cstackBANK0  0021
___awmod                         text14       15C4
___awmod@counter                 cstackCOMMON 0076
___awmod@dividend                cstackCOMMON 0074
___awmod@divisor                 cstackCOMMON 0072
___awmod@sign                    cstackCOMMON 0077
___bmul                          text13       144A
___bmul@multiplicand             cstackCOMMON 0072
___bmul@multiplier               cstackCOMMON 0074
___bmul@product                  cstackCOMMON 0073
___fladd                         text9        0DA8
___fladd@a                       cstackBANK0  0024
___fladd@aexp                    cstackCOMMON 0073
___fladd@b                       cstackBANK0  0020
___fladd@bexp                    cstackCOMMON 0074
___fladd@grs                     cstackCOMMON 0075
___fladd@signs                   cstackCOMMON 0072
___flge                          text12       175C
___flge@ff1                      cstackBANK0  004C
___flge@ff2                      cstackBANK0  0050
___flmul                         text10       0422
___flmul@a                       cstackBANK0  002E
___flmul@aexp                    cstackBANK0  0038
___flmul@b                       cstackBANK0  002A
___flmul@bexp                    cstackBANK0  003D
___flmul@grs                     cstackBANK0  0039
___flmul@prod                    cstackBANK0  003E
___flmul@sign                    cstackBANK0  0037
___flmul@temp                    cstackBANK0  0042
___flsub                         text8        14BF
___flsub@a                       cstackBANK0  0044
___flsub@b                       cstackBANK0  0048
___fltol                         text7        0764
___fltol@exp1                    cstackCOMMON 0077
___fltol@f1                      cstackBANK0  0044
___fltol@sign1                   cstackCOMMON 0076
___heap_hi                       (abs)        0000
___heap_lo                       (abs)        0000
___int_sp                        stack        0000
___int_stack_hi                  stack        0000
___int_stack_lo                  stack        0000
___latbits                       (abs)        0002
___sp                            stack        0000
___stack_hi                      stack        0000
___stack_lo                      stack        0000
___stackhi                       (abs)        0000
___stacklo                       (abs)        0000
___xxtofl                        text6        0950
___xxtofl@arg                    cstackBANK0  0026
___xxtofl@exp                    cstackBANK0  0025
___xxtofl@sign                   cstackBANK0  0024
___xxtofl@val                    cstackCOMMON 0072
__end_of__Umul8_16               text11       082B
__end_of___awdiv                 text15       1680
__end_of___awmod                 text14       161B
__end_of___bmul                  text13       145D
__end_of___fladd                 text9        1000
__end_of___flge                  text12       1800
__end_of___flmul                 text10       0764
__end_of___flsub                 text8        14E3
__end_of___fltol                 text7        07DA
__end_of___xxtofl                text6        0A06
__end_of__initialization         cinit        0041
__end_of__stringtab              strings      117D
__end_of_clcd_print              text20       1516
__end_of_clcd_putch              text19       1485
__end_of_clcd_write              text26       14BF
__end_of_clear_clcd              text5        144A
__end_of_door_status_check       text4        16EB
__end_of_init_clcd               text24       142E
__end_of_init_config             text21       149F
__end_of_init_digital_keypad     text23       1423
__end_of_init_display_controller text25       15C4
__end_of_init_timer2             text22       1439
__end_of_isr                     text27       156D
__end_of_main                    maintext     0C61
__end_of_power_ON_screen         text18       175C
__end_of_read_digital_keypad     text17       089F
__end_of_set_time                text16       0DA8
__end_of_start                   text3        0422
__end_of_washing_program_        text2        0B1B
__end_of_water_level_screen      text1        0950
__initialization                 cinit        000F
__pbssBANK0                      bssBANK0     0068
__pbssBANK1                      bssBANK1     00C6
__pcstackBANK0                   cstackBANK0  0020
__pcstackBANK1                   cstackBANK1  00CD
__pcstackCOMMON                  cstackCOMMON 0070
__pdataBANK1                     dataBANK1    00A0
__pdataCOMMON                    dataCOMMON   0079
__pidataBANK1                    idataBANK1   07DA
__pidataCOMMON                   idataCOMMON  141A
__pintentry                      intentry     0004
__pmaintext                      maintext     0B1B
__pstrings                       strings      116B
__pstringtext                    stringtext   1000
__ptext1                         text1        089F
__ptext10                        text10       0422
__ptext11                        text11       0802
__ptext12                        text12       175C
__ptext13                        text13       144A
__ptext14                        text14       15C4
__ptext15                        text15       161B
__ptext16                        text16       0C61
__ptext17                        text17       082B
__ptext18                        text18       16EB
__ptext19                        text19       1470
__ptext2                         text2        0A06
__ptext20                        text20       14E3
__ptext21                        text21       1485
__ptext22                        text22       142E
__ptext23                        text23       141D
__ptext24                        text24       1423
__ptext25                        text25       156D
__ptext26                        text26       149F
__ptext27                        text27       1516
__ptext3                         text3        0045
__ptext4                         text4        1680
__ptext5                         text5        1439
__ptext6                         text6        0950
__ptext7                         text7        0764
__ptext8                         text8        14BF
__ptext9                         text9        0DA8
__stringbase                     strings      117D
__stringtab                      strings      116B
_clcd_print                      text20       14E3
_clcd_putch                      text19       1470
_clcd_write                      text26       149F
_clear_clcd                      text5        1439
_door_status_check               text4        1680
_init_clcd                       text24       1423
_init_config                     text21       1485
_init_digital_keypad             text23       141D
_init_display_controller         text25       156D
_init_timer2                     text22       142E
_isr                             text27       1516
_level                           bssBANK0     006B
_main                            maintext     0B1B
_min                             bssBANK0     006D
_operational_state               dataCOMMON   0079
_power_ON_screen                 text18       16EB
_program_no                      bssBANK0     006C
_read_digital_keypad             text17       082B
_reset_flag                      dataBANK1    00C2
_rinse_time                      bssBANK1     00CB
_sec                             bssBANK0     006E
_set_time                        text16       0C61
_spin_time                       bssBANK1     00CA
_start                           text3        0045
_time                            bssBANK0     0068
_total_time                      bssBANK0     006A
_wash_time                       bssBANK0     0069
_washing_program                 dataBANK1    00A0
_washing_program_                text2        0A06
_water_level_options             dataBANK1    00B8
_water_level_screen              text1        089F
btemp                            (abs)        007E
clcd_print@addr                  cstackBANK0  0022
clcd_print@str                   cstackBANK0  0020
clcd_putch@addr                  cstackCOMMON 0078
clcd_putch@data                  cstackBANK0  0024
clcd_write@byte                  cstackCOMMON 0075
clcd_write@mode                  cstackCOMMON 0072
end_of_initialization            cinit        0041
init_fetch0                      inittext     145D
init_ram0                        inittext     1461
interrupt_function               intentry     0004
intlevel0                        functab      0000
intlevel1                        functab      0000
intlevel2                        functab      0000
intlevel3                        functab      0000
intlevel4                        functab      0000
intlevel5                        functab      0000
isr@count                        bssBANK1     00C6
main@delay                       cstackBANK1  00CD
main@delay_127                   cstackBANK1  00CF
main@key                         cstackBANK1  00D1
power_ON_screen@i                cstackBANK0  0028
power_ON_screen@i_183            cstackBANK0  002A
read_digital_keypad@key          cstackCOMMON 0072
read_digital_keypad@longpressed  dataBANK1    00C4
read_digital_keypad@once         dataCOMMON   007B
read_digital_keypad@pre_key      bssBANK1     00CC
reset_vec                        reset_vec    0000
saved_w                          (abs)        007E
start                            init         000C
start@key                        cstackBANK0  0064
start_initialization             cinit        000F
washing_program_@key             cstackBANK0  0027
water_level_screen@key           cstackBANK0  0027
wtemp0                           (abs)        007E


MODULE INFORMATION

Module		Function		Class		Link	Load	Size
C:\Program Files\Microchip\xc8\v3.00\pic\sources\c99\common\flge.c
		___flge        		CODE           	175C	0000	164

C:\Program Files\Microchip\xc8\v3.00\pic\sources\c99\common\flge.c estimated size: 164

timers.c
		_init_timer2   		CODE           	142E	0000	11

timers.c estimated size: 11

digital_keypad.c
		_init_digital_keypad		CODE           	141D	0000	6
		_read_digital_keypad		CODE           	082B	0000	116

digital_keypad.c estimated size: 122

C:\Program Files\Microchip\xc8\v3.00\pic\sources\c99\common\awmod.c
		___awmod       		CODE           	15C4	0000	87

C:\Program Files\Microchip\xc8\v3.00\pic\sources\c99\common\awmod.c estimated size: 87

C:\Program Files\Microchip\xc8\v3.00\pic\sources\c99\common\sprcmul.c
		___flmul       		CODE           	0422	0000	834

C:\Program Files\Microchip\xc8\v3.00\pic\sources\c99\common\sprcmul.c estimated size: 834

washing_machine_function_def.c
		_door_status_check		CODE           	1680	0000	107
		_washing_program_		CODE           	0A06	0000	277
		_water_level_screen		CODE           	089F	0000	177
		_clear_clcd    		CODE           	1439	0000	17
		_power_ON_screen		CODE           	16EB	0000	113
		_set_time      		CODE           	0C61	0000	327
		_start         		CODE           	0045	0000	989

washing_machine_function_def.c estimated size: 2007

isr.c
		_isr           		CODE           	1516	0000	87

isr.c estimated size: 87

shared
		__stringtab    		STRING         	116B	0000	18
		__initialization		CODE           	000F	0000	50

shared estimated size: 68

clcd.c
		_clcd_write    		CODE           	149F	0000	32
		_clcd_print    		CODE           	14E3	0000	51
		_clcd_putch    		CODE           	1470	0000	21
		_init_display_controller		CODE           	156D	0000	87
		_init_clcd     		CODE           	1423	0000	11

clcd.c estimated size: 202

C:\Program Files\Microchip\xc8\v3.00\pic\sources\c99\common\xxtofl.c
		___xxtofl      		CODE           	0950	0000	182

C:\Program Files\Microchip\xc8\v3.00\pic\sources\c99\common\xxtofl.c estimated size: 182

C:\Program Files\Microchip\xc8\v3.00\pic\sources\c99\common\awdiv.c
		___awdiv       		CODE           	161B	0000	101

C:\Program Files\Microchip\xc8\v3.00\pic\sources\c99\common\awdiv.c estimated size: 101

C:\Program Files\Microchip\xc8\v3.00\pic\sources\c99\common\fltol.c
		___fltol       		CODE           	0764	0000	118

C:\Program Files\Microchip\xc8\v3.00\pic\sources\c99\common\fltol.c estimated size: 118

main.c
		_main          		CODE           	0B1B	0000	326
		_init_config   		CODE           	1485	0000	26

main.c estimated size: 352

C:\Program Files\Microchip\xc8\v3.00\pic\sources\c99\common\sprcadd.c
		___flsub       		CODE           	14BF	0000	36
		___fladd       		CODE           	0DA8	0000	600

C:\Program Files\Microchip\xc8\v3.00\pic\sources\c99\common\sprcadd.c estimated size: 636

C:\Program Files\Microchip\xc8\v3.00\pic\sources\c99\common\Umul8.c
		___bmul        		CODE           	144A	0000	19

C:\Program Files\Microchip\xc8\v3.00\pic\sources\c99\common\Umul8.c estimated size: 19

C:\Program Files\Microchip\xc8\v3.00\pic\sources\c99\common\Umul8_16.c
		__Umul8_16     		CODE           	0802	0000	41

C:\Program Files\Microchip\xc8\v3.00\pic\sources\c99\common\Umul8_16.c estimated size: 41

